// Jest Snapshot v1, https://goo.gl/fbAQLP

exports[`EXCEPTIONS MATCHERS 1`] = `"Out of cheese!"`;
